---
source: crates/rskim-core/tests/truncation_golden.rs
expression: "snap(GO_COMMENTS, Language::Go,\nTransformConfig::with_mode(Mode::Structure).with_max_lines(15))"
---
// FIXTURE: Go file with various comment types
// TESTS: Minimal mode comment stripping
// ... (truncated)
func Add(a int, b int) int  {...}
// ... (truncated)
type Calculator struct {
	// Value field comment inside struct (STRIP - not a function body)
	value int
}
// ... (truncated)
func NewCalculator(value int) *Calculator  {...}
// ... (truncated)
func (c *Calculator) Add(x int) int  {...}
// ... (truncated)
