---
source: crates/rskim-core/tests/truncation_golden.rs
expression: "snap(GO_SIMPLE, Language::Go,\nTransformConfig::with_mode(Mode::Structure).with_max_lines(15))"
---
// ... (truncated)
func Add(a int, b int) int  {...}
// ... (truncated)
func Greet(name string) string  {...}
// ... (truncated)
type Calculator struct {
    value int
}
// ... (truncated)
type Computer interface {
    Compute(x int) int
}
// ... (truncated)
type Status int
// ... (truncated)
