---
source: crates/rskim-core/tests/truncation_golden.rs
expression: "snap(GO_SIMPLE, Language::Go,\nTransformConfig::with_mode(Mode::Pseudo).with_max_lines(15))"
---
package main

import "fmt"

func Add(a int, b int) int {
    return a + b
}

func Greet(name string) string {
    return fmt.Sprintf("Hello, %s!", name)
}

type Calculator struct {
    value int
