---
source: crates/rskim-core/tests/truncation_golden.rs
expression: "snap(MD_SIMPLE, Language::Markdown,\nTransformConfig::with_mode(Mode::Structure).with_last_lines(10))"
---
<!-- ... (3 lines above) -->

### Subsection 1.1

## Section Two

Setext Style H1
===============

Setext Style H2
---------------
