---
source: crates/rskim-core/tests/truncation_golden.rs
assertion_line: 594
expression: "snap(TS_SIMPLE, Language::TypeScript,\nTransformConfig::with_mode(Mode::Structure).with_max_lines(5))"
---
// ... (5 lines truncated)
export function add(a: number, b: number): number  {...}
// ... (1 lines truncated)
export function greet(name: string): string  {...}
