---
source: crates/rskim-core/tests/truncation_golden.rs
assertion_line: 482
expression: "snap(GO_COMMENTS, Language::Go,\nTransformConfig::with_mode(Mode::Structure).with_max_lines(15))"
---
// FIXTURE: Go file with various comment types
// TESTS: Minimal mode comment stripping
// ... (1 lines truncated)
package main
// ... (7 lines truncated)
func Add(a int, b int) int  {...}
// ... (5 lines truncated)
type Calculator struct {
	// Value field comment inside struct (STRIP - not a function body)
	value int
}
// ... (4 lines truncated)
func NewCalculator(value int) *Calculator  {...}
// ... (2 lines truncated)
func (c *Calculator) Add(x int) int  {...}
// ... (9 lines truncated)
